// Jest Snapshot v1, https://goo.gl/fbAQLP

exports[`render button and click on it 1`] = `
<DocumentFragment>
  <button
    class="rounded-md shadow mt-4 px-8 py-3 text-base font-medium rounded-md text-white bg-sky-500 hover:bg-sky-600 bg-sky-50 border-sky-500 text-sky-600 group"
  >
    <span
      class="sr-only"
    >
      Anterior
    </span>
  </button>
</DocumentFragment>
`;
